// Jest Snapshot v1, https://goo.gl/fbAQLP

exports[`feedbackoffline snapshot 1`] = `
<View
  style={
    Array [
      Object {
        "alignItems": "center",
        "flexBasis": 0,
        "flexGrow": 1,
        "flexShrink": 1,
        "justifyContent": "center",
      },
    ]
  }
  testID="feedback-offline"
>
  <Image
    source={
      Object {
        "testUri": "../../../src/assets/images/offline.png",
      }
    }
    style={
      Array [
        Object {
          "marginBottom": 16,
        },
        Object {
          "height": 180,
          "width": 180,
        },
      ]
    }
  />
  <Text
    color="primary"
    fallbackText=""
    style={
      Array [
        Object {
          "color": "#072AD8",
          "fontFamily": "Rubik-Regular",
          "fontSize": 16,
          "lineHeight": 19,
          "textTransform": "none",
        },
      ]
    }
    variant="lead"
  >
    Erro!
  </Text>
  <Text
    bold={true}
    color="primary"
    fallbackText=""
    style={
      Array [
        Object {
          "color": "#072AD8",
          "fontFamily": "Rubik-Bold",
          "fontSize": 16,
          "lineHeight": 19,
          "textTransform": "none",
        },
      ]
    }
    variant="lead"
  >
    Sem conex√£o
  </Text>
</View>
`;
