// Jest Snapshot v1, https://goo.gl/fbAQLP

exports[`deleted snapshot 1`] = `
<View
  style={
    Array [
      Object {
        "alignItems": "center",
        "paddingBottom": 68,
        "paddingLeft": 62,
        "paddingRight": 62,
        "paddingTop": 68,
      },
    ]
  }
>
  <Image
    source={
      Object {
        "testUri": "../../../src/assets/images/trash.png",
      }
    }
  />
  <Text
    color="primary"
    fallbackText=""
    style={
      Array [
        Object {
          "color": "#072AD8",
          "fontFamily": "Rubik-Regular",
          "fontSize": 16,
          "lineHeight": 19,
          "textTransform": "none",
        },
        Object {
          "marginTop": 16,
          "textAlign": "center",
        },
      ]
    }
    variant="lead"
  >
    Exclu√≠do!
  </Text>
</View>
`;
