// Jest Snapshot v1, https://goo.gl/fbAQLP

exports[`TODO: Tests ServedCustomers should be render Supliers correctly 1`] = `
Array [
  <View
    style={
      Array [
        Object {
          "backgroundColor": "",
          "height": "px",
          "zIndex": 3,
        },
      ]
    }
    translucent={true}
  />,
  <View
    backgroundColor="default"
    style={
      Array [
        Object {
          "alignItems": "center",
          "backgroundColor": "#fff",
          "flexDirection": "row",
          "height": 49,
          "justifyContent": "space-between",
          "paddingBottom": 0,
          "paddingLeft": 16,
          "paddingRight": 16,
          "paddingTop": 0,
          "shadowColor": "grey",
          "shadowOffset": Object {
            "height": 1.5,
            "width": 1.5,
          },
          "shadowOpacity": 1,
          "shadowRadius": 1.5,
          "width": "100%",
          "zIndex": 2,
        },
      ]
    }
  >
    <View
      style={
        Array [
          Object {
            "left": 0,
            "zIndex": 2,
          },
        ]
      }
    >
      <View
        accessible={true}
        collapsable={false}
        focusable={true}
        nativeID="animatedComponent"
        onClick={[Function]}
        onResponderGrant={[Function]}
        onResponderMove={[Function]}
        onResponderRelease={[Function]}
        onResponderTerminate={[Function]}
        onResponderTerminationRequest={[Function]}
        onStartShouldSetResponder={[Function]}
        style={
          Object {
            "height": 36,
            "justifyContent": "center",
            "opacity": 1,
            "width": 36,
          }
        }
      >
        <Text
          allowFontScaling={false}
          style={
            Array [
              Object {
                "color": "#072AD8",
                "fontSize": 24,
              },
              undefined,
              Object {
                "fontFamily": "Feather",
                "fontStyle": "normal",
                "fontWeight": "normal",
              },
              Object {},
            ]
          }
        >
          ÔÑê
        </Text>
      </View>
    </View>
    <Text
      bold={true}
      color="gray400"
      fallbackText=""
      size={18}
      style={
        Array [
          Object {
            "color": "#838896",
            "fontFamily": "Rubik-Bold",
            "fontSize": 18,
            "lineHeight": 28,
            "textTransform": "none",
          },
          Object {
            "justifyContent": "center",
            "left": 0,
            "position": "absolute",
            "right": 0,
            "textAlign": "center",
          },
        ]
      }
      variant="header"
    >
      Clientes Atendidos
    </Text>
    <View
      style={
        Array [
          Object {
            "right": 0,
          },
        ]
      }
    />
  </View>,
  <View
    style={
      Array [
        Object {
          "backgroundColor": "#fff",
          "borderRadius": 0,
          "height": "100%",
          "overflow": "hidden",
          "width": "100%",
        },
      ]
    }
  >
    <View
      style={
        Array [
          Object {
            "alignItems": "center",
            "marginTop": 16,
            "width": "100%",
          },
        ]
      }
    >
      <View
        style={
          Array [
            Object {
              "borderBottomColor": "#D3D5DA",
              "borderBottomWidth": 1,
              "width": "90%",
            },
          ]
        }
        width="90%"
      />
    </View>
    <View
      style={
        Array [
          Object {
            "alignItems": "center",
            "marginTop": 147,
            "paddingBottom": 0,
            "paddingLeft": "50%",
            "paddingRight": "50%",
            "paddingTop": 0,
          },
        ]
      }
    >
      <View
        style={
          Array [
            Object {
              "backgroundColor": "#072AD8",
              "borderRadius": 12,
              "height": 24,
              "marginBottom": 24,
              "marginLeft": 0,
              "marginRight": 0,
              "marginTop": 0,
              "paddingBottom": 4,
              "paddingLeft": 16,
              "paddingRight": 16,
              "paddingTop": 4,
              "width": 158,
            },
          ]
        }
      >
        <Text
          bold={true}
          color="light"
          fallbackText=""
          style={
            Array [
              Object {
                "color": "#fff",
                "fontFamily": "Rubik-Bold",
                "fontSize": 14,
                "lineHeight": 17,
                "textTransform": "none",
              },
            ]
          }
          variant="body"
        >
          Semana 01/01/22
        </Text>
      </View>
    </View>
    <View
      style={
        Array [
          Object {
            "marginBottom": 16,
            "paddingBottom": 0,
            "paddingLeft": 16,
            "paddingRight": 16,
            "paddingTop": 0,
          },
        ]
      }
    >
      <View
        style={
          Array [
            Object {
              "backgroundColor": "#EAF3FF",
              "borderRadius": 17,
              "paddingBottom": 38,
              "paddingLeft": 27,
              "paddingRight": 27,
              "paddingTop": 38,
            },
          ]
        }
      >
        <Text
          color="gray800"
          fallbackText=""
          style={
            Array [
              Object {
                "color": "#19202D",
                "fontFamily": "Rubik-Medium",
                "fontSize": 14,
                "lineHeight": 17,
                "textTransform": "none",
              },
              Object {
                "fontSize": 14,
                "lineHeight": 17,
                "marginBottom": 16,
              },
            ]
          }
          variant="bodyMedium"
        >
          000.000.000-00
        </Text>
        <Text
          color="gray800"
          fallbackText=""
          style={
            Array [
              Object {
                "color": "#19202D",
                "fontFamily": "Rubik-Regular",
                "fontSize": 11,
                "lineHeight": 13,
                "textTransform": "none",
              },
              Object {
                "fontSize": 12,
                "lineHeight": 19,
                "marginBottom": 8,
              },
            ]
          }
          variant="overline"
        >
          Martins
        </Text>
        <Text
          color="black"
          fallbackText=""
          style={
            Array [
              Object {
                "color": "#000",
                "fontFamily": "Rubik-Regular",
                "fontSize": 11,
                "lineHeight": 13,
                "textTransform": "none",
              },
              Object {
                "fontSize": 12,
                "lineHeight": 19,
                "marginBottom": 8,
              },
            ]
          }
          variant="overline"
        >
          MARTINS
        </Text>
        <Text
          color="default"
          fallbackText="-"
          style={
            Array [
              Object {
                "color": "#10151D",
                "fontFamily": "Rubik-Regular",
                "fontSize": 11,
                "lineHeight": 13,
                "textTransform": "none",
              },
              Object {
                "fontSize": 11,
                "lineHeight": 13,
              },
            ]
          }
          variant="overline"
        >
          Segmento:
           
          <Text
            color="primary"
            fallbackText="-"
            style={
              Array [
                Object {
                  "color": "#072AD8",
                  "fontFamily": "Rubik-Regular",
                  "fontSize": 11,
                  "lineHeight": 13,
                  "textTransform": "none",
                },
                Object {
                  "fontSize": 11,
                  "lineHeight": 13,
                },
              ]
            }
            variant="overline"
          >
            MARTINS
          </Text>
        </Text>
        <View
          style={
            Array [
              Object {
                "alignItems": "center",
                "marginTop": 16,
                "width": "100%",
              },
            ]
          }
        >
          <View
            color="blue100"
            style={
              Array [
                Object {
                  "borderBottomColor": "#B3D3FF",
                  "borderBottomWidth": 1,
                  "width": "100%",
                },
              ]
            }
          />
        </View>
        <Text
          color="gray800"
          fallbackText=""
          style={
            Array [
              Object {
                "color": "#19202D",
                "fontFamily": "Rubik-Medium",
                "fontSize": 14,
                "lineHeight": 17,
                "textTransform": "none",
              },
              Object {
                "fontSize": 14,
                "lineHeight": 17,
                "marginBottom": 10,
                "marginTop": 24,
              },
            ]
          }
          variant="bodyMedium"
        >
          Fornecedores
        </Text>
      </View>
    </View>
  </View>,
  <View
    style={
      Array [
        Object {
          "alignItems": "center",
          "backgroundColor": "#fff",
          "borderRadius": 27,
          "height": "auto",
          "width": "100%",
        },
      ]
    }
  >
    <View
      style={
        Array [
          Object {},
        ]
      }
    />
    <View
      style={
        Array [
          Object {},
        ]
      }
    />
    <View
      style={
        Array [
          Object {},
        ]
      }
    />
  </View>,
]
`;
