// Jest Snapshot v1, https://goo.gl/fbAQLP

exports[`loading snapshot 1`] = `
<View
  hideBackgrop={false}
  style={
    Array [
      Object {
        "alignItems": "center",
        "backgroundColor": "#6a6a6a",
        "flexBasis": 0,
        "flexGrow": 1,
        "flexShrink": 1,
        "justifyContent": "center",
      },
    ]
  }
  testID=""
>
  <View
    style={
      Array [
        Object {
          "alignItems": "center",
          "backgroundColor": "#072AD8",
          "borderRadius": 16,
          "height": 192,
          "justifyContent": "center",
          "width": 224,
        },
      ]
    }
  >
    <ActivityIndicator
      color="#fff"
      size="large"
    />
    <Text
      color="light"
      fallbackText=""
      style={
        Array [
          Object {
            "color": "#fff",
            "fontFamily": "Rubik-Regular",
            "fontSize": 16,
            "lineHeight": 19,
            "textTransform": "none",
          },
          Object {
            "marginTop": 8,
          },
        ]
      }
      variant="lead"
    >
      Carregando...
    </Text>
  </View>
</View>
`;
